[zaap.bio/wigwamman.html]
[backblue.gif]
[fade.gif]
[index.html]
[images.zaap.ai/public/2923a9da1aeda479e26846cc485ab96b91d4fa8a95175d9c7b8d.png]
[cdn.jsdelivr.net/npm/bootstrap-icons@1.10.3/font/bootstrap-icons.css]
[cdn.jsdelivr.net/npm/bootstrap@5.0.2/dist/css/bootstrap.min.css]
[cdn.jsdelivr.net/npm/bootstrap@5.0.2/dist/js/bootstrap.bundle.min.js]
[zaap.bio/assets/page/css/app.css]
[zaap.bio/assets/page/css/bootstrap.min.css]
[zaap.bio/assets/page/css/custom.css]
[zaap.bio/assets/page/css/link-custom89f5.css]
[images.zaap.ai/public/a0bef94821df4c0efefb44af46a29700a355da76f21dacaaa0d3.png]
[zaap.bio/assets/page/css/animate.min.css]
[zaap.bio/assets/page/css/growl-notification.min.css]
[images.zaap.ai/public/1a8ac1d7547c5aa57ee84e4341c79e7f9e3918068b1614c3c0ae.jpg]
[zaap.bio/assets/page/js/libraries/jquery.minc9e4.js]
[zaap.bio/assets/page/js/libraries/popper.minc9e4.js]
[zaap.bio/assets/page/js/libraries/bootstrap.minc9e4.js]
[zaap.bio/assets/page/js/mainc9e4.js]
[zaap.bio/assets/page/js/functionsc9e4.js]
[zaap.bio/assets/page/growl-notification/growl-notification.min.js]
[lf16-tiktok-web.tiktokcdn-us.com/obj/tiktok-web-tx/tiktok/falcon/embed/embed_v1.0.12.js]
[platform.twitter.com/widgets.js]
[zaap.bio/wigwamman.html]
[cdn.jsdelivr.net/npm/bootstrap-icons@1.10.3/font/fonts/bootstrap-iconsbf04.woff2]
[cdn.jsdelivr.net/npm/bootstrap-icons@1.10.3/font/fonts/bootstrap-iconsbf04.woff]
[cdn.jsdelivr.net/npm/bootstrap-icons@1.10.3/font/bootstrap-icons.css]
[cdn.jsdelivr.net/npm/bootstrap@5.0.2/dist/css/bootstrap.min.css]
[zaap.bio/assets/page/fonts/GTWalsheimPro-Regular.woff2]
[zaap.bio/assets/page/fonts/GTWalsheimPro-Regular.woff]
[zaap.bio/assets/page/fonts/GTWalsheimPro-Regular.ttf]
[zaap.bio/assets/page/fonts/GTWalsheimPro-Medium.woff2]
[zaap.bio/assets/page/fonts/GTWalsheimPro-Medium.woff]
[zaap.bio/assets/page/fonts/GTWalsheimPro-Medium.ttf]
[zaap.bio/assets/page/fonts/GTWalsheimPro-Bold.woff2]
[zaap.bio/assets/page/fonts/GTWalsheimPro-Bold.woff]
[zaap.bio/assets/page/fonts/GTWalsheimPro-Bold.ttf]
[zaap.bio/assets/page/fonts/GTWalsheimPro-Black.woff2]
[zaap.bio/assets/page/fonts/GTWalsheimPro-Black.woff]
[zaap.bio/assets/page/fonts/GTWalsheimPro-Black.ttf]
[zaap.bio/assets/page/css/app.css]
[zaap.bio/assets/page/css/bootstrap.min.css]
[searchengineland.com/wp-content/seloads/2015/12/google-amp-fast-speed-travel-ss-1920.jpg]
[zaap.bio/assets/page/css/custom.css]
[zaap.bio/assets/page/css/link-custom89f5.css]
[zaap.bio/assets/page/css/animate.min.css]
[zaap.bio/assets/page/css/growl-notification.min.css]
[zaap.bio/assets/zaap-logo-red-white.svg]
[zaap.bio/index.html]
[zaap.bio/wigwamman/get-posts.html]
[zaap.bio/assets/page/images/hero_image.html]
[zaap.bio/assets/page/images/custom-theme.html]
[zaap.bio/assets/page/images/import-subscribers-header.html]
